**********************
Windows PowerShell トランスクリプト開始
開始時刻: 20210805191337
ユーザー名: PD-NT-359\okane
RunAs ユーザー: PD-NT-359\okane
構成名: 
コンピューター: PD-NT-359 (Microsoft Windows NT 10.0.19042.0)
ホスト アプリケーション: C:\Windows\System32\WindowsPowerShell\v1.0\powershell.exe -NoExit -ExecutionPolicy Bypass -File C:\Users\okane\AppData\Local\Google\Cloud SDK\google-cloud-sdk\platform\PowerShell\GoogleCloud\BootstrapCloudToolsForPowerShell.ps1
プロセス ID: 18848
PSVersion: 5.1.19041.1023
PSEdition: Desktop
PSCompatibleVersions: 1.0, 2.0, 3.0, 4.0, 5.0, 5.1.19041.1023
BuildVersion: 10.0.19041.1023
CLRVersion: 4.0.30319.42000
WSManStackVersion: 3.0
PSRemotingProtocolVersion: 2.3
SerializationVersion: 1.1.0.1
**********************
トランスクリプトが開始されました。出力ファイル: C:\Users\okane\Desktop\GCPStudy20210804-01.log
PS C:\Users\okane\AppData\Local\Google\Cloud SDK> gcloud source repos create kanechaneetest01
API [sourcerepo.googleapis.com] not enabled on project [807929108589].
 Would you like to enable and retry (this will take a few minutes)?
(y/N)?  y

Enabling service [sourcerepo.googleapis.com] on project [807929108589]...
Operation "operations/acf.p2-807929108589-e479cff1-1c6e-4883-829c-e61688f9037f" finished successfully.
Created [kanechaneetest01].
WARNING: You may be billed for this repository. See https://cloud.google.com/source-repositories/docs/pricing for detail
s.
PS C:\Users\okane\AppData\Local\Google\Cloud SDK> cd C:\Users\okane\Desktop\
PS C:\Users\okane\Desktop> gcloud source repos clone kanechaneetest01 --project=exalted-analogy-209814
Cloning into 'C:\Users\okane\Desktop\kanechaneetest01'...
warning: You appear to have cloned an empty repository.
Project [exalted-analogy-209814] repository [kanechaneetest01] was cloned
 to [C:\Users\okane\Desktop\kanechaneetest01].
PS C:\Users\okane\Desktop> cd .\kanechaneetest01\
PS C:\Users\okane\Desktop\kanechaneetest01> git push -u origin master
error: src refspec master does not match any
error: failed to push some refs to 'https://source.developers.google.com/
p/exalted-analogy-209814/r/kanechaneetest01'
PS C:\Users\okane\Desktop\kanechaneetest01> git commit -m "First commit"
On branch master

Initial commit

Untracked files:
  (use "git add <file>..." to include in what will be committed)
        test.py

nothing added to commit but untracked files present (use "git add" to tra
ck)
PS C:\Users\okane\Desktop\kanechaneetest01> git push -u origin master
error: src refspec master does not match any
error: failed to push some refs to 'https://source.developers.google.com/
p/exalted-analogy-209814/r/kanechaneetest01'
PS C:\Users\okane\Desktop\kanechaneetest01> git add test.py

PS C:\Users\okane\Desktop\kanechaneetest01> git commit -m "First commit"
[master (root-commit) f7fe73a] First commit
 1 file changed, 1 insertion(+)
 create mode 100644 test.py
PS C:\Users\okane\Desktop\kanechaneetest01> git push -u origin master
Enumerating objects: 3, done.
Counting objects: 100% (3/3), done.
Writing objects: 100% (3/3), 210 bytes | 210.00 KiB/s, done.
Total 3 (delta 0), reused 0 (delta 0), pack-reused 0
To https://source.developers.google.com/p/exalted-analogy-209814/r/kanech
aneetest01
 * [new branch]      master -> master
Branch 'master' set up to track remote branch 'master' from 'origin'.
PS C:\Users\okane\Desktop\kanechaneetest01> cls
PS C:\Users\okane\Desktop\kanechaneetest01> gcloud container clusters create kanechaneetestcluster01 \
ERROR: (gcloud.container.clusters.create) unrecognized arguments: \

To search the help text of gcloud commands, run:
  gcloud help -- SEARCH_TERMS
PS C:\Users\okane\Desktop\kanechaneetest01> gcloud container clusters create kanechaneetestcluster01 `
--num-nodes=3 `
--zone=asia-northeast1-c `
--preemptible
WARNING: Starting in January 2021, clusters will use the Regular release
channel by default when `--cluster-version`, `--release-channel`, `--no-e
nable-autoupgrade`, and `--no-enable-autorepair` flags are not specified.
WARNING: Currently VPC-native is not the default mode during cluster crea
tion. In the future, this will become the default mode and can be disable
d using `--no-enable-ip-alias` flag. Use `--[no-]enable-ip-alias` flag to
 suppress this warning.
WARNING: Starting with version 1.18, clusters will have shielded GKE node
s by default.
WARNING: Your Pod address range (`--cluster-ipv4-cidr`) can accommodate a
t most 1008 node(s).
WARNING: Starting with version 1.19, newly created clusters and node-pool
s will have COS_CONTAINERD as the default node image when no image type i
s specified.
Creating cluster kanechaneetestcluster01 in asia-northeast1-c...done.
Created [https://container.googleapis.com/v1/projects/exalted-analogy-209
814/zones/asia-northeast1-c/clusters/kanechaneetestcluster01].
To inspect the contents of your cluster, go to: https://console.cloud.goo
gle.com/kubernetes/workload_/gcloud/asia-northeast1-c/kanechaneetestclust
er01?project=exalted-analogy-209814
kubeconfig entry generated for kanechaneetestcluster01.
NAME                     LOCATION           MASTER_VERSION  MASTER_IP
  MACHINE_TYPE  NODE_VERSION    NUM_NODES  STATUS
kanechaneetestcluster01  asia-northeast1-c  1.20.8-gke.900  104.198.87.70
  e2-medium     1.20.8-gke.900  3          RUNNING
PS C:\Users\okane\Desktop\kanechaneetest01> Stop-Transcript
**********************
Windows PowerShell トランスクリプト終了
終了時刻: 20210805195949
**********************
